INFO 2025-09-19 07:46:17,765 autoreload 9668 5684 Watching for file changes with StatReloader
WARNING 2025-09-19 07:46:25,237 log 9668 444 Not Found: /
WARNING 2025-09-19 07:46:25,237 basehttp 9668 444 "GET /?ide_webview_request_time=1758257185093 HTTP/1.1" 404 3419
WARNING 2025-09-19 07:46:25,301 log 9668 444 Not Found: /@vite/client
WARNING 2025-09-19 07:46:25,301 basehttp 9668 444 "GET /@vite/client HTTP/1.1" 404 3434
INFO 2025-09-29 10:11:37,503 autoreload 31564 29512 Watching for file changes with StatReloader
INFO 2025-09-29 10:11:47,721 basehttp 31564 28472 "OPTIONS /api/auth/register/ HTTP/1.1" 200 0
WARNING 2025-09-29 10:11:47,845 log 31564 28472 Not Found: /api/auth/register/
WARNING 2025-09-29 10:11:47,846 basehttp 31564 28472 "POST /api/auth/register/ HTTP/1.1" 404 9495
WARNING 2025-09-29 10:12:30,633 log 31564 29768 Not Found: /api/auth/register/
WARNING 2025-09-29 10:12:30,634 basehttp 31564 29768 "GET /api/auth/register/ HTTP/1.1" 404 9494
WARNING 2025-09-29 10:13:33,179 log 31564 29768 Unauthorized: /api/auth/users/
WARNING 2025-09-29 10:13:33,179 basehttp 31564 29768 "GET /api/auth/users/ HTTP/1.1" 401 82
WARNING 2025-09-29 10:14:44,186 log 31564 31664 Not Found: /@vite/client
WARNING 2025-09-29 10:14:44,187 basehttp 31564 31664 "GET /@vite/client HTTP/1.1" 404 3434
INFO 2025-09-29 10:15:04,605 basehttp 31564 28472 "OPTIONS /api/auth/users/ HTTP/1.1" 200 0
WARNING 2025-09-29 10:15:04,607 log 31564 28472 Unauthorized: /api/auth/users/
WARNING 2025-09-29 10:15:04,607 basehttp 31564 28472 "POST /api/auth/users/ HTTP/1.1" 401 82
WARNING 2025-09-29 10:15:05,144 log 31564 30788 Not Found: /@vite/client
WARNING 2025-09-29 10:15:05,144 basehttp 31564 30788 "GET /@vite/client HTTP/1.1" 404 3434
WARNING 2025-09-29 10:20:43,975 log 31564 27632 Unauthorized: /api/auth/users/
WARNING 2025-09-29 10:20:43,976 basehttp 31564 27632 "POST /api/auth/users/ HTTP/1.1" 401 82
WARNING 2025-09-29 10:20:44,871 log 31564 28812 Not Found: /@vite/client
WARNING 2025-09-29 10:20:44,872 basehttp 31564 28812 "GET /@vite/client HTTP/1.1" 404 3434
INFO 2025-09-29 10:20:56,946 basehttp 31564 27632 "OPTIONS /api/auth/login/ HTTP/1.1" 200 0
WARNING 2025-09-29 10:20:56,952 log 31564 27632 Not Found: /api/auth/login/
WARNING 2025-09-29 10:20:56,952 basehttp 31564 27632 "POST /api/auth/login/ HTTP/1.1" 404 9486
WARNING 2025-09-29 10:22:25,370 log 31564 26608 Not Found: /favicon.ico
WARNING 2025-09-29 10:22:25,370 basehttp 31564 26608 "GET /favicon.ico HTTP/1.1" 404 3431
INFO 2025-09-29 10:23:14,121 basehttp 31564 30792 "OPTIONS /api/auth/users/ HTTP/1.1" 200 0
WARNING 2025-09-29 10:23:14,123 log 31564 30792 Unauthorized: /api/auth/users/
WARNING 2025-09-29 10:23:14,123 basehttp 31564 30792 "POST /api/auth/users/ HTTP/1.1" 401 82
INFO 2025-09-29 10:23:24,181 basehttp 31564 30792 "OPTIONS /api/auth/login/ HTTP/1.1" 200 0
WARNING 2025-09-29 10:23:24,187 log 31564 30792 Not Found: /api/auth/login/
WARNING 2025-09-29 10:23:24,188 basehttp 31564 30792 "POST /api/auth/login/ HTTP/1.1" 404 9486
WARNING 2025-09-29 10:26:41,528 log 31564 29524 Not Found: /@vite/client
WARNING 2025-09-29 10:26:41,529 basehttp 31564 29524 "GET /@vite/client HTTP/1.1" 404 3434
WARNING 2025-09-29 10:31:19,894 log 31564 3628 Unauthorized: /api/auth/users/
WARNING 2025-09-29 10:31:19,894 basehttp 31564 3628 "POST /api/auth/users/ HTTP/1.1" 401 82
WARNING 2025-09-29 10:31:20,800 log 31564 684 Not Found: /@vite/client
WARNING 2025-09-29 10:31:20,801 basehttp 31564 684 "GET /@vite/client HTTP/1.1" 404 3434
WARNING 2025-09-29 10:31:59,027 log 31564 14912 Unauthorized: /api/auth/users/
WARNING 2025-09-29 10:31:59,027 basehttp 31564 14912 "POST /api/auth/users/ HTTP/1.1" 401 82
INFO 2025-09-29 10:32:02,870 basehttp 31564 14912 "OPTIONS /api/auth/token/ HTTP/1.1" 200 0
WARNING 2025-09-29 10:32:02,876 log 31564 14912 Not Found: /api/auth/token/
WARNING 2025-09-29 10:32:02,877 basehttp 31564 14912 "POST /api/auth/token/ HTTP/1.1" 404 9486
WARNING 2025-09-29 10:33:20,710 log 31564 2692 Not Found: /api/auth/token/
WARNING 2025-09-29 10:33:20,711 basehttp 31564 2692 "GET /api/auth/token/ HTTP/1.1" 404 9485
WARNING 2025-09-29 10:35:09,124 log 31564 31720 Not Found: /api/auth/token/
WARNING 2025-09-29 10:35:09,125 basehttp 31564 31720 "POST /api/auth/token/ HTTP/1.1" 404 9486
INFO 2025-09-29 10:36:00,110 autoreload 31564 29512 C:\Users\llyesviel\Desktop\Технологии разработки приложений на базе фреймворков\facilities system\backend\accounts\urls.py changed, reloading.
INFO 2025-09-29 10:36:01,120 autoreload 29208 12092 Watching for file changes with StatReloader
INFO 2025-09-29 10:36:21,114 autoreload 29208 12092 C:\Users\llyesviel\Desktop\Технологии разработки приложений на базе фреймворков\facilities system\backend\accounts\urls.py changed, reloading.
INFO 2025-09-29 10:36:22,106 autoreload 11492 26764 Watching for file changes with StatReloader
WARNING 2025-09-29 10:36:52,600 log 11492 3712 Bad Request: /api/auth/token/
WARNING 2025-09-29 10:36:52,600 basehttp 11492 3712 "POST /api/auth/token/ HTTP/1.1" 400 48
WARNING 2025-09-29 10:38:18,031 log 11492 3712 Unauthorized: /api/auth/token/
WARNING 2025-09-29 10:38:18,031 basehttp 11492 3712 "POST /api/auth/token/ HTTP/1.1" 401 116
INFO 2025-09-29 10:38:44,461 basehttp 11492 3712 "POST /api/auth/token/ HTTP/1.1" 200 483
WARNING 2025-09-29 10:39:12,254 log 11492 13160 Not Found: /@vite/client
WARNING 2025-09-29 10:39:12,254 basehttp 11492 13160 "GET /@vite/client HTTP/1.1" 404 3434
WARNING 2025-09-29 10:46:10,013 log 11492 3684 Not Found: /@vite/client
WARNING 2025-09-29 10:46:10,013 basehttp 11492 3684 "GET /@vite/client HTTP/1.1" 404 3434
WARNING 2025-09-29 10:46:20,131 log 11492 23184 Not Found: /@vite/client
WARNING 2025-09-29 10:46:20,131 basehttp 11492 23184 "GET /@vite/client HTTP/1.1" 404 3434
WARNING 2025-09-29 10:46:51,694 log 11492 30612 Unauthorized: /api/auth/users/
WARNING 2025-09-29 10:46:51,694 basehttp 11492 30612 "POST /api/auth/users/ HTTP/1.1" 401 82
WARNING 2025-09-29 10:47:11,094 log 11492 30612 Unauthorized: /api/auth/token/
WARNING 2025-09-29 10:47:11,095 basehttp 11492 30612 "POST /api/auth/token/ HTTP/1.1" 401 116
INFO 2025-09-29 10:50:09,640 autoreload 11492 26764 C:\Users\llyesviel\Desktop\Технологии разработки приложений на базе фреймворков\facilities system\backend\accounts\views.py changed, reloading.
INFO 2025-09-29 10:50:10,635 autoreload 23880 9296 Watching for file changes with StatReloader
WARNING 2025-09-29 10:51:06,681 log 23880 27344 Not Found: /@vite/client
WARNING 2025-09-29 10:51:06,681 basehttp 23880 27344 "GET /@vite/client HTTP/1.1" 404 3434
WARNING 2025-09-29 10:51:21,382 log 23880 29136 Not Found: /@vite/client
WARNING 2025-09-29 10:51:21,382 basehttp 23880 29136 "GET /@vite/client HTTP/1.1" 404 3434
ERROR 2025-09-29 10:51:59,847 log 23880 26516 Internal Server Error: /api/auth/users/
Traceback (most recent call last):
  File "C:\Users\llyesviel\AppData\Roaming\Python\Python313\site-packages\django\db\backends\utils.py", line 89, in _execute
    return self.cursor.execute(sql, params)
           ~~~~~~~~~~~~~~~~~~~^^^^^^^^^^^^^
  File "C:\Users\llyesviel\AppData\Roaming\Python\Python313\site-packages\django\db\backends\sqlite3\base.py", line 328, in execute
    return super().execute(query, params)
           ~~~~~~~~~~~~~~~^^^^^^^^^^^^^^^
sqlite3.IntegrityError: UNIQUE constraint failed: accounts_userprofile.user_id

The above exception was the direct cause of the following exception:

Traceback (most recent call last):
  File "C:\Users\llyesviel\AppData\Roaming\Python\Python313\site-packages\django\core\handlers\exception.py", line 55, in inner
    response = get_response(request)
  File "C:\Users\llyesviel\AppData\Roaming\Python\Python313\site-packages\django\core\handlers\base.py", line 197, in _get_response
    response = wrapped_callback(request, *callback_args, **callback_kwargs)
  File "C:\Users\llyesviel\AppData\Roaming\Python\Python313\site-packages\django\views\decorators\csrf.py", line 56, in wrapper_view
    return view_func(*args, **kwargs)
  File "C:\Users\llyesviel\AppData\Roaming\Python\Python313\site-packages\rest_framework\viewsets.py", line 125, in view
    return self.dispatch(request, *args, **kwargs)
           ~~~~~~~~~~~~~^^^^^^^^^^^^^^^^^^^^^^^^^^
  File "C:\Users\llyesviel\AppData\Roaming\Python\Python313\site-packages\rest_framework\views.py", line 509, in dispatch
    response = self.handle_exception(exc)
  File "C:\Users\llyesviel\AppData\Roaming\Python\Python313\site-packages\rest_framework\views.py", line 469, in handle_exception
    self.raise_uncaught_exception(exc)
    ~~~~~~~~~~~~~~~~~~~~~~~~~~~~~^^^^^
  File "C:\Users\llyesviel\AppData\Roaming\Python\Python313\site-packages\rest_framework\views.py", line 480, in raise_uncaught_exception
    raise exc
  File "C:\Users\llyesviel\AppData\Roaming\Python\Python313\site-packages\rest_framework\views.py", line 506, in dispatch
    response = handler(request, *args, **kwargs)
  File "C:\Users\llyesviel\AppData\Roaming\Python\Python313\site-packages\rest_framework\mixins.py", line 19, in create
    self.perform_create(serializer)
    ~~~~~~~~~~~~~~~~~~~^^^^^^^^^^^^
  File "C:\Users\llyesviel\AppData\Roaming\Python\Python313\site-packages\rest_framework\mixins.py", line 24, in perform_create
    serializer.save()
    ~~~~~~~~~~~~~~~^^
  File "C:\Users\llyesviel\AppData\Roaming\Python\Python313\site-packages\rest_framework\serializers.py", line 212, in save
    self.instance = self.create(validated_data)
                    ~~~~~~~~~~~^^^^^^^^^^^^^^^^
  File "C:\Users\llyesviel\Desktop\Технологии разработки приложений на базе фреймворков\facilities system\backend\accounts\serializers.py", line 123, in create
    UserProfile.objects.create(user=user)
    ~~~~~~~~~~~~~~~~~~~~~~~~~~^^^^^^^^^^^
  File "C:\Users\llyesviel\AppData\Roaming\Python\Python313\site-packages\django\db\models\manager.py", line 87, in manager_method
    return getattr(self.get_queryset(), name)(*args, **kwargs)
           ~~~~~~~~~~~~~~~~~~~~~~~~~~~~~~~~~~^^^^^^^^^^^^^^^^^
  File "C:\Users\llyesviel\AppData\Roaming\Python\Python313\site-packages\django\db\models\query.py", line 658, in create
    obj.save(force_insert=True, using=self.db)
    ~~~~~~~~^^^^^^^^^^^^^^^^^^^^^^^^^^^^^^^^^^
  File "C:\Users\llyesviel\AppData\Roaming\Python\Python313\site-packages\django\db\models\base.py", line 814, in save
    self.save_base(
    ~~~~~~~~~~~~~~^
        using=using,
        ^^^^^^^^^^^^
    ...<2 lines>...
        update_fields=update_fields,
        ^^^^^^^^^^^^^^^^^^^^^^^^^^^^
    )
    ^
  File "C:\Users\llyesviel\AppData\Roaming\Python\Python313\site-packages\django\db\models\base.py", line 877, in save_base
    updated = self._save_table(
        raw,
    ...<4 lines>...
        update_fields,
    )
  File "C:\Users\llyesviel\AppData\Roaming\Python\Python313\site-packages\django\db\models\base.py", line 1020, in _save_table
    results = self._do_insert(
        cls._base_manager, using, fields, returning_fields, raw
    )
  File "C:\Users\llyesviel\AppData\Roaming\Python\Python313\site-packages\django\db\models\base.py", line 1061, in _do_insert
    return manager._insert(
           ~~~~~~~~~~~~~~~^
        [self],
        ^^^^^^^
    ...<3 lines>...
        raw=raw,
        ^^^^^^^^
    )
    ^
  File "C:\Users\llyesviel\AppData\Roaming\Python\Python313\site-packages\django\db\models\manager.py", line 87, in manager_method
    return getattr(self.get_queryset(), name)(*args, **kwargs)
           ~~~~~~~~~~~~~~~~~~~~~~~~~~~~~~~~~~^^^^^^^^^^^^^^^^^
  File "C:\Users\llyesviel\AppData\Roaming\Python\Python313\site-packages\django\db\models\query.py", line 1805, in _insert
    return query.get_compiler(using=using).execute_sql(returning_fields)
           ~~~~~~~~~~~~~~~~~~~~~~~~~~~~~~~~~~~~~~~~~~~^^^^^^^^^^^^^^^^^^
  File "C:\Users\llyesviel\AppData\Roaming\Python\Python313\site-packages\django\db\models\sql\compiler.py", line 1822, in execute_sql
    cursor.execute(sql, params)
    ~~~~~~~~~~~~~~^^^^^^^^^^^^^
  File "C:\Users\llyesviel\AppData\Roaming\Python\Python313\site-packages\django\db\backends\utils.py", line 102, in execute
    return super().execute(sql, params)
           ~~~~~~~~~~~~~~~^^^^^^^^^^^^^
  File "C:\Users\llyesviel\AppData\Roaming\Python\Python313\site-packages\django\db\backends\utils.py", line 67, in execute
    return self._execute_with_wrappers(
           ~~~~~~~~~~~~~~~~~~~~~~~~~~~^
        sql, params, many=False, executor=self._execute
        ^^^^^^^^^^^^^^^^^^^^^^^^^^^^^^^^^^^^^^^^^^^^^^^
    )
    ^
  File "C:\Users\llyesviel\AppData\Roaming\Python\Python313\site-packages\django\db\backends\utils.py", line 80, in _execute_with_wrappers
    return executor(sql, params, many, context)
  File "C:\Users\llyesviel\AppData\Roaming\Python\Python313\site-packages\django\db\backends\utils.py", line 84, in _execute
    with self.db.wrap_database_errors:
         ^^^^^^^^^^^^^^^^^^^^^^^^^^^^
  File "C:\Users\llyesviel\AppData\Roaming\Python\Python313\site-packages\django\db\utils.py", line 91, in __exit__
    raise dj_exc_value.with_traceback(traceback) from exc_value
  File "C:\Users\llyesviel\AppData\Roaming\Python\Python313\site-packages\django\db\backends\utils.py", line 89, in _execute
    return self.cursor.execute(sql, params)
           ~~~~~~~~~~~~~~~~~~~^^^^^^^^^^^^^
  File "C:\Users\llyesviel\AppData\Roaming\Python\Python313\site-packages\django\db\backends\sqlite3\base.py", line 328, in execute
    return super().execute(query, params)
           ~~~~~~~~~~~~~~~^^^^^^^^^^^^^^^
django.db.utils.IntegrityError: UNIQUE constraint failed: accounts_userprofile.user_id
ERROR 2025-09-29 10:51:59,855 basehttp 23880 26516 "POST /api/auth/users/ HTTP/1.1" 500 219833
INFO 2025-09-29 10:54:07,807 autoreload 23880 9296 C:\Users\llyesviel\Desktop\Технологии разработки приложений на базе фреймворков\facilities system\backend\accounts\signals.py changed, reloading.
INFO 2025-09-29 10:54:08,821 autoreload 664 6824 Watching for file changes with StatReloader
INFO 2025-09-29 10:54:22,436 autoreload 664 6824 C:\Users\llyesviel\Desktop\Технологии разработки приложений на базе фреймворков\facilities system\backend\accounts\signals.py changed, reloading.
INFO 2025-09-29 10:54:23,416 autoreload 30824 17136 Watching for file changes with StatReloader
